// Jest Snapshot v1, https://goo.gl/fbAQLP

exports[`should render Dashboard components 1`] = `
<div>
  <div
    className="content-container"
  >
    <Connect(NoteListFilters) />
    <Connect(NoteList) />
    <button
      onClick={[Function]}
    >
      Go Home
    </button>
  </div>
</div>
`;
