// Jest Snapshot v1, https://goo.gl/fbAQLP

exports[`Home Component„ÅÆSnapshot 1`] = `
<div>
  <div>
    <div
      class="content-container"
    >
      <button
        data-testid="homeToDashboardButton"
      >
        Go Dashboard
      </button>
    </div>
  </div>
</div>
`;
